// Vitest Snapshot v1

exports[`render work 1`] = `"<span class=\\"ix-text\\"><!----></span>"`;
